{
    "seed": 123456,
    "data": [
        {
            "data": 29,
            "tag": "I"
        },
        {
            "data": 76,
            "tag": "I"
        },
        {
            "data": 41,
            "tag": "I"
        },
        {
            "data": 49,
            "tag": "I"
        },
        {
            "data": 51,
            "tag": "I"
        },
        {
            "data": 82,
            "tag": "I"
        },
        {
            "data": 17,
            "tag": "I"
        },
        {
            "data": 26,
            "tag": "I"
        },
        {
            "data": 100,
            "tag": "I"
        },
        {
            "data": 43,
            "tag": "I"
        },
        {
            "data": 30,
            "tag": "I"
        },
        {
            "data": 69,
            "tag": "I"
        },
        {
            "data": 45,
            "tag": "I"
        },
        {
            "data": 38,
            "tag": "I"
        },
        {
            "data": 89,
            "tag": "I"
        },
        {
            "data": 59,
            "tag": "I"
        },
        {
            "data": 62,
            "tag": "I"
        },
        {
            "data": 37,
            "tag": "I"
        },
        {
            "data": 62,
            "tag": "I"
        },
        {
            "data": 81,
            "tag": "I"
        }
    ]
}