{
    "seed": 123456,
    "data": [
        {
            "data": [
                {
                    "data": 29,
                    "tag": "I"
                },
                {
                    "data": 5,
                    "tag": "I"
                }
            ],
            "index": 0,
            "tag": "Constr"
        },
        {
            "data": [
                {
                    "data": 29,
                    "tag": "I"
                },
                {
                    "data": 5,
                    "tag": "I"
                }
            ],
            "index": 0,
            "tag": "Constr"
        },
        {
            "data": [
                {
                    "data": 29,
                    "tag": "I"
                },
                {
                    "data": 5,
                    "tag": "I"
                }
            ],
            "index": 0,
            "tag": "Constr"
        },
        {
            "data": [
                {
                    "data": 29,
                    "tag": "I"
                },
                {
                    "data": 5,
                    "tag": "I"
                }
            ],
            "index": 0,
            "tag": "Constr"
        },
        {
            "data": [
                {
                    "data": 29,
                    "tag": "I"
                },
                {
                    "data": 5,
                    "tag": "I"
                }
            ],
            "index": 0,
            "tag": "Constr"
        },
        {
            "data": [
                {
                    "data": 29,
                    "tag": "I"
                },
                {
                    "data": 5,
                    "tag": "I"
                }
            ],
            "index": 0,
            "tag": "Constr"
        },
        {
            "data": [
                {
                    "data": 29,
                    "tag": "I"
                },
                {
                    "data": 5,
                    "tag": "I"
                }
            ],
            "index": 0,
            "tag": "Constr"
        },
        {
            "data": [
                {
                    "data": 29,
                    "tag": "I"
                },
                {
                    "data": 5,
                    "tag": "I"
                }
            ],
            "index": 0,
            "tag": "Constr"
        },
        {
            "data": [
                {
                    "data": 29,
                    "tag": "I"
                },
                {
                    "data": 5,
                    "tag": "I"
                }
            ],
            "index": 0,
            "tag": "Constr"
        },
        {
            "data": [
                {
                    "data": 29,
                    "tag": "I"
                },
                {
                    "data": 5,
                    "tag": "I"
                }
            ],
            "index": 0,
            "tag": "Constr"
        },
        {
            "data": [
                {
                    "data": 29,
                    "tag": "I"
                },
                {
                    "data": 5,
                    "tag": "I"
                }
            ],
            "index": 0,
            "tag": "Constr"
        },
        {
            "data": [
                {
                    "data": 29,
                    "tag": "I"
                },
                {
                    "data": 5,
                    "tag": "I"
                }
            ],
            "index": 0,
            "tag": "Constr"
        },
        {
            "data": [
                {
                    "data": 29,
                    "tag": "I"
                },
                {
                    "data": 5,
                    "tag": "I"
                }
            ],
            "index": 0,
            "tag": "Constr"
        },
        {
            "data": [
                {
                    "data": 29,
                    "tag": "I"
                },
                {
                    "data": 5,
                    "tag": "I"
                }
            ],
            "index": 0,
            "tag": "Constr"
        },
        {
            "data": [
                {
                    "data": 29,
                    "tag": "I"
                },
                {
                    "data": 5,
                    "tag": "I"
                }
            ],
            "index": 0,
            "tag": "Constr"
        },
        {
            "data": [
                {
                    "data": 29,
                    "tag": "I"
                },
                {
                    "data": 5,
                    "tag": "I"
                }
            ],
            "index": 0,
            "tag": "Constr"
        },
        {
            "data": [
                {
                    "data": 29,
                    "tag": "I"
                },
                {
                    "data": 5,
                    "tag": "I"
                }
            ],
            "index": 0,
            "tag": "Constr"
        },
        {
            "data": [
                {
                    "data": 29,
                    "tag": "I"
                },
                {
                    "data": 5,
                    "tag": "I"
                }
            ],
            "index": 0,
            "tag": "Constr"
        },
        {
            "data": [
                {
                    "data": 29,
                    "tag": "I"
                },
                {
                    "data": 5,
                    "tag": "I"
                }
            ],
            "index": 0,
            "tag": "Constr"
        },
        {
            "data": [
                {
                    "data": 29,
                    "tag": "I"
                },
                {
                    "data": 5,
                    "tag": "I"
                }
            ],
            "index": 0,
            "tag": "Constr"
        }
    ]
}