{
    "seed": 123456,
    "data": [
        [
            29,
            47
        ],
        [
            17,
            5
        ],
        [
            26,
            75
        ],
        [
            8,
            25
        ],
        [
            34,
            25
        ],
        [
            84,
            55
        ],
        [
            11,
            31
        ],
        [
            18,
            47
        ],
        [
            91,
            87
        ],
        [
            89,
            17
        ],
        [
            67,
            3
        ],
        [
            1,
            1
        ],
        [
            81,
            37
        ],
        [
            96,
            67
        ],
        [
            27,
            7
        ],
        [
            19,
            37
        ],
        [
            57,
            100
        ],
        [
            7,
            26
        ],
        [
            55,
            46
        ],
        [
            7,
            11
        ]
    ]
}